Flow report for pbi_bridge
Sun Apr 02 22:28:07 2017
Quartus Prime Version 16.1.0 Build 196 10/24/2016 SJ Lite Edition


---------------------
; Table of Contents ;
---------------------
  1. Legal Notice
  2. Flow Summary
  3. Flow Settings
  4. Flow Non-Default Global Settings
  5. Flow Elapsed Time
  6. Flow OS Summary
  7. Flow Log
  8. Flow Messages
  9. Flow Suppressed Messages



----------------
; Legal Notice ;
----------------
Copyright (C) 2016  Intel Corporation. All rights reserved.
Your use of Intel Corporation's design tools, logic functions 
and other software and tools, and its AMPP partner logic 
functions, and any output files from any of the foregoing 
(including device programming or simulation files), and any 
associated documentation or information are expressly subject 
to the terms and conditions of the Intel Program License 
Subscription Agreement, the Intel Quartus Prime License Agreement,
the Intel MegaCore Function License Agreement, or other 
applicable license agreement, including, without limitation, 
that your use is for the sole purpose of programming logic 
devices manufactured by Intel and sold by Intel or its 
authorized distributors.  Please refer to the applicable 
agreement for further details.



+----------------------------------------------------------------------------------+
; Flow Summary                                                                     ;
+------------------------------------+---------------------------------------------+
; Flow Status                        ; Successful - Sun Apr 02 22:28:07 2017       ;
; Quartus Prime Version              ; 16.1.0 Build 196 10/24/2016 SJ Lite Edition ;
; Revision Name                      ; pbi_bridge                                  ;
; Top-level Entity Name              ; pbi_bridge                                  ;
; Family                             ; MAX 10                                      ;
; Device                             ; 10M08SAE144C8G                              ;
; Timing Models                      ; Final                                       ;
; Total logic elements               ; 46 / 8,064 ( < 1 % )                        ;
;     Total combinational functions  ; 34 / 8,064 ( < 1 % )                        ;
;     Dedicated logic registers      ; 27 / 8,064 ( < 1 % )                        ;
; Total registers                    ; 27                                          ;
; Total pins                         ; 29 / 101 ( 29 % )                           ;
; Total virtual pins                 ; 0                                           ;
; Total memory bits                  ; 0 / 387,072 ( 0 % )                         ;
; Embedded Multiplier 9-bit elements ; 0 / 48 ( 0 % )                              ;
; Total PLLs                         ; 0 / 1 ( 0 % )                               ;
; UFM blocks                         ; 0 / 1 ( 0 % )                               ;
; ADC blocks                         ; 0 / 1 ( 0 % )                               ;
+------------------------------------+---------------------------------------------+


+-----------------------------------------+
; Flow Settings                           ;
+-------------------+---------------------+
; Option            ; Setting             ;
+-------------------+---------------------+
; Start date & time ; 04/02/2017 22:22:36 ;
; Main task         ; Compilation         ;
; Revision Name     ; pbi_bridge          ;
+-------------------+---------------------+


+-------------------------------------------------------------------------------------------------------------------------+
; Flow Non-Default Global Settings                                                                                        ;
+-------------------------------------+----------------------------------------+---------------+-------------+------------+
; Assignment Name                     ; Value                                  ; Default Value ; Entity Name ; Section Id ;
+-------------------------------------+----------------------------------------+---------------+-------------+------------+
; COMPILER_SIGNATURE_ID               ; 102200627784399.149118615601376        ; --            ; --          ; --         ;
; MAX_CORE_JUNCTION_TEMP              ; 85                                     ; --            ; --          ; --         ;
; MIN_CORE_JUNCTION_TEMP              ; 0                                      ; --            ; --          ; --         ;
; PARTITION_COLOR                     ; -- (Not supported for targeted family) ; --            ; --          ; Top        ;
; PARTITION_FITTER_PRESERVATION_LEVEL ; -- (Not supported for targeted family) ; --            ; --          ; Top        ;
; PARTITION_NETLIST_TYPE              ; -- (Not supported for targeted family) ; --            ; --          ; Top        ;
; PROJECT_OUTPUT_DIRECTORY            ; output_files                           ; --            ; --          ; --         ;
+-------------------------------------+----------------------------------------+---------------+-------------+------------+


+-------------------------------------------------------------------------------------------------------------------------------+
; Flow Elapsed Time                                                                                                             ;
+---------------------------+--------------+-------------------------+---------------------+------------------------------------+
; Module Name               ; Elapsed Time ; Average Processors Used ; Peak Virtual Memory ; Total CPU Time (on all processors) ;
+---------------------------+--------------+-------------------------+---------------------+------------------------------------+
; Analysis & Synthesis      ; 00:00:16     ; 1.0                     ; 638 MB              ; 00:00:33                           ;
; Fitter                    ; 00:00:07     ; 1.0                     ; 1330 MB             ; 00:00:08                           ;
; Assembler                 ; 00:00:02     ; 1.0                     ; 540 MB              ; 00:00:02                           ;
; PowerPlay Power Analyzer  ; 00:00:02     ; 1.1                     ; 665 MB              ; 00:00:03                           ;
; TimeQuest Timing Analyzer ; 00:00:04     ; 1.1                     ; 634 MB              ; 00:00:03                           ;
; EDA Netlist Writer        ; 00:00:01     ; 1.0                     ; 488 MB              ; 00:00:01                           ;
; EDA Netlist Writer        ; 00:00:01     ; 1.0                     ; 500 MB              ; 00:00:01                           ;
; EDA Netlist Writer        ; 00:00:01     ; 1.0                     ; 488 MB              ; 00:00:01                           ;
; EDA Netlist Writer        ; 00:00:00     ; 1.0                     ; 500 MB              ; 00:00:01                           ;
; EDA Netlist Writer        ; 00:00:01     ; 1.0                     ; 488 MB              ; 00:00:01                           ;
; EDA Netlist Writer        ; 00:00:01     ; 1.0                     ; 500 MB              ; 00:00:01                           ;
; Total                     ; 00:00:36     ; --                      ; --                  ; 00:00:55                           ;
+---------------------------+--------------+-------------------------+---------------------+------------------------------------+


+------------------------------------------------------------------------------------------+
; Flow OS Summary                                                                          ;
+---------------------------+------------------+-------------+------------+----------------+
; Module Name               ; Machine Hostname ; OS Name     ; OS Version ; Processor type ;
+---------------------------+------------------+-------------+------------+----------------+
; Analysis & Synthesis      ; lab-pc           ; Windows 8.1 ; 6.3        ; x86_64         ;
; Fitter                    ; lab-pc           ; Windows 8.1 ; 6.3        ; x86_64         ;
; Assembler                 ; lab-pc           ; Windows 8.1 ; 6.3        ; x86_64         ;
; PowerPlay Power Analyzer  ; lab-pc           ; Windows 8.1 ; 6.3        ; x86_64         ;
; TimeQuest Timing Analyzer ; lab-pc           ; Windows 8.1 ; 6.3        ; x86_64         ;
; EDA Netlist Writer        ; lab-pc           ; Windows 8.1 ; 6.3        ; x86_64         ;
; EDA Netlist Writer        ; lab-pc           ; Windows 8.1 ; 6.3        ; x86_64         ;
; EDA Netlist Writer        ; lab-pc           ; Windows 8.1 ; 6.3        ; x86_64         ;
; EDA Netlist Writer        ; lab-pc           ; Windows 8.1 ; 6.3        ; x86_64         ;
; EDA Netlist Writer        ; lab-pc           ; Windows 8.1 ; 6.3        ; x86_64         ;
; EDA Netlist Writer        ; lab-pc           ; Windows 8.1 ; 6.3        ; x86_64         ;
+---------------------------+------------------+-------------+------------+----------------+


------------
; Flow Log ;
------------
quartus_map --read_settings_files=on --write_settings_files=off pbi_bridge -c pbi_bridge
quartus_fit --read_settings_files=off --write_settings_files=off pbi_bridge -c pbi_bridge
quartus_asm --read_settings_files=off --write_settings_files=off pbi_bridge -c pbi_bridge
quartus_pow --read_settings_files=off --write_settings_files=off pbi_bridge -c pbi_bridge
quartus_sta pbi_bridge -c pbi_bridge
quartus_eda --gen_testbench --tool=modelsim_oem --format=vhdl --write_settings_files=off pbi_bridge -c pbi_bridge --vector_source=C:/Users/steve/Documents/GitHub/atari_pbi/FPGA/Waveform1.vwf --testbench_file=C:/Users/steve/Documents/GitHub/atari_pbi/FPGA/simulation/qsim/Waveform1.vwf.vht
quartus_eda --write_settings_files=off --simulation=on --functional=on --flatten_buses=off --tool=modelsim_oem --format=vhdl --output_directory=C:/Users/steve/Documents/GitHub/atari_pbi/FPGA/simulation/qsim/ pbi_bridge -c pbi_bridge
quartus_eda --gen_testbench --tool=modelsim_oem --format=vhdl --write_settings_files=off pbi_bridge -c pbi_bridge --vector_source=C:/Users/steve/Documents/GitHub/atari_pbi/FPGA/Waveform1.vwf --testbench_file=C:/Users/steve/Documents/GitHub/atari_pbi/FPGA/simulation/qsim/Waveform1.vwf.vht
quartus_eda --write_settings_files=off --simulation=on --functional=on --flatten_buses=off --tool=modelsim_oem --format=vhdl --output_directory=C:/Users/steve/Documents/GitHub/atari_pbi/FPGA/simulation/qsim/ pbi_bridge -c pbi_bridge
quartus_eda --gen_testbench --tool=modelsim_oem --format=vhdl --write_settings_files=off pbi_bridge -c pbi_bridge --vector_source=C:/Users/steve/Documents/GitHub/atari_pbi/FPGA/Waveform1.vwf --testbench_file=C:/Users/steve/Documents/GitHub/atari_pbi/FPGA/simulation/qsim/Waveform1.vwf.vht
quartus_eda --write_settings_files=off --simulation=on --functional=on --flatten_buses=off --tool=modelsim_oem --format=vhdl --output_directory=C:/Users/steve/Documents/GitHub/atari_pbi/FPGA/simulation/qsim/ pbi_bridge -c pbi_bridge



